[2026-10-07 17:07:40] 🟢 LIVE MARKET OPEN: Scanning pools...
   -> [PF1 FUTURES BUY] COFORGE.NS @ ₹1773.27 | Margin Blocked: ₹110,829.38
   -> [PF2 CASH BUY]    LODHA.NS @ ₹1981.79 | Allocated: ₹25,000.00
📊 [PORTFOLIO STATUS] Active PF1: 1 | Active PF2: 1 | Estimated P&L: ₹-569.49
[2026-10-08 15:51:27] 🟢 LIVE MARKET OPEN: Scanning pools...
   -> [PF1 FUTURES BUY] SUZLON.NS @ ₹1810.67 | Margin Blocked: ₹113,166.88
   -> [PF2 CASH BUY]    HDFCAMC.NS @ ₹817.15 | Allocated: ₹25,000.00
📊 [PORTFOLIO STATUS] Active PF1: 2 | Active PF2: 2 | Estimated P&L: ₹-115.99
[2026-10-08 22:59:10] 🟢 LIVE MARKET OPEN: Scanning pools...
   -> [PF1 FUTURES BUY] PIIND.NS @ ₹535.43 | Margin Blocked: ₹33,464.38
   -> [PF2 CASH BUY]    ASIANPAINT.NS @ ₹597.31 | Allocated: ₹25,000.00
📊 [PORTFOLIO STATUS] Active PF1: 3 | Active PF2: 3 | Estimated P&L: ₹2,441.35
[2026-10-09 15:51:40] 🟢 LIVE MARKET OPEN: Scanning pools...
   -> [PF1 FUTURES BUY] INOXWIND.NS @ ₹1503.36 | Margin Blocked: ₹93,960.00
   -> [PF2 CASH BUY]    POWERGRID.NS @ ₹1378.1 | Allocated: ₹25,000.00
📊 [PORTFOLIO STATUS] Active PF1: 4 | Active PF2: 4 | Estimated P&L: ₹1,241.02
[2026-10-09 22:37:35] 🟢 LIVE MARKET OPEN: Scanning pools...
   -> [PF1 FUTURES BUY] PHOENIXLTD.NS @ ₹543.49 | Margin Blocked: ₹33,968.12
   -> [PF2 CASH BUY]    SHREECEM.NS @ ₹1324.17 | Allocated: ₹25,000.00
📊 [PORTFOLIO STATUS] Active PF1: 5 | Active PF2: 5 | Estimated P&L: ₹2,634.56
